
> tech-info-plus-frontend@2.0.0 build
> react-scripts build

Creating an optimized production build...
